---
source: crates/lazytools/tests/snapshots.rs
assertion_line: 53
expression: "render(50, 16)"
---
"┌ Hash Text ─────────────────────────────────────┐"
"│┌ Input ───────────────────────────────────────┐│"
"││                                              ││"
"││                                              ││"
"││                                              ││"
"││                                              ││"
"││                                              ││"
"││                                              ││"
"│└──────────────────────────────────────────────┘│"
"│┌ Algorithm ───────────────────────────────────┐│"
"││‹ md5 ›                                       ││"
"│└──────────────────────────────────────────────┘│"
"│┌ Digest ──────────────────────────────────────┐│"
"│└──────────────────────────────────────────────┘│"
"└────────────────────────────────────────────────┘"
"[j/k] chọn tool [Tab] đổi vùng [q] thoát          "
