---
source: crates/lazytools/tests/snapshots.rs
expression: screen
---
"┌ Tools ───────────────┐┌ Hash Text ───────────────────────────────────────────┐"
"│Crypto                ││┌ Input ─────────────────────────────────────────────┐│"
"│  Hash Text           │││                                                    ││"
"│  HMAC                │││                                                    ││"
"│  Bcrypt       ┌ Shortcuts ───────────────────────────────────┐              ││"
"│Convert        │App                                           │              ││"
"│  Base64       │  Tab       switch pane                       │              ││"
"│  URL Encode   │  ^P        palette                           │              ││"
"│  Hex          │  ^O        open file                         │──────────────┘│"
"│  JSON Format  │  ?         help                              │──────────────┐│"
"│  Data Format  │  q         quit                              │              ││"
"│  Number Base  │                                              │──────────────┘│"
"│  Unicode Escap│Form                                          │──────────────┐│"
"│Generate       │  Tab       next field                        │              ││"
"│  Password     │                                              │──────────────┘│"
"│  UUID         │Palette                                       │               │"
"│  ULID         │  ↓/↑       select                            │               │"
"│  Random Token │  Enter     open tool                         │               │"
"│  Lorem Ipsum  │                                              │               │"
"│Text           └──────────────────────────────────────────────┘               │"
"│  Change Case         ││                                                      │"
"│  Text Stats          ││                                                      │"
"└──────────────────────┘└──────────────────────────────────────────────────────┘"
"[Esc] close [Tab] switch pane [^P] palette [^O] open file [?] help [q] quit     "
