---
source: crates/lazytools/tests/snapshots.rs
assertion_line: 54
expression: "render(70, 20)"
---
"┌────┐┌ Hash Text ───────────────────────────────────────────────────┐"
"│C   ││┌ Input ─────────────────────────────────────────────────────┐│"
"│ H  │││                                                            ││"
"│    │││                                                            ││"
"│    │││                                                            ││"
"│    │││                                                            ││"
"│    │││                                                            ││"
"│    │││                                                            ││"
"│    ││└────────────────────────────────────────────────────────────┘│"
"│    ││┌ Algorithm ─────────────────────────────────────────────────┐│"
"│    │││‹ md5 ›                                                     ││"
"│    ││└────────────────────────────────────────────────────────────┘│"
"│    ││┌ Digest ────────────────────────────────────────────────────┐│"
"│    │││                                                            ││"
"│    ││└────────────────────────────────────────────────────────────┘│"
"│    ││                                                              │"
"│    ││                                                              │"
"│    ││                                                              │"
"└────┘└──────────────────────────────────────────────────────────────┘"
"[j/k] chọn tool [Tab] đổi vùng [^P] palette [?] trợ giúp [q] thoát    "
