---
source: crates/lazytools/tests/snapshots.rs
assertion_line: 238
expression: screen
---
"┌ Tools ───────────────┐┌ All Kinds ───────────────────────────────────────────┐"
"│Text                  ││┌ Text ──────────────────────────────────────────────┐│"
"│  All Kinds           │││hi                                                  ││"
"│                      ││└────────────────────────────────────────────────────┘│"
"│                      ││┌ Secret ────────────────────────────────────────────┐│"
"│                      │││••••••                                              ││"
"│                      ││└────────────────────────────────────────────────────┘│"
"│                      ││┌ Number ────────────────────────────────────────────┐│"
"│                      │││‹ 12 ›  (4–15)                                      ││"
"│                      ││└────────────────────────────────────────────────────┘│"
"│                      ││┌ Toggle ────────────────────────────────────────────┐│"
"│                      │││[ ]                                                 ││"
"│                      ││└────────────────────────────────────────────────────┘│"
"│                      ││┌ Select ────────────────────────────────────────────┐│"
"│                      │││‹ a ›                                               ││"
"│                      ││└────────────────────────────────────────────────────┘│"
"│                      ││┌ FilePath ──────────────────────────────────────────┐│"
"│                      │││                                                    ││"
"│                      ││└────────────────────────────────────────────────────┘│"
"│                      ││┌ Result ────────────────────────────────────────────┐│"
"│                      │││HI                                                  ││"
"│                      ││└────────────────────────────────────────────────────┘│"
"│                      ││                                                      │"
"│                      ││                                                      │"
"│                      ││                                                      │"
"│                      ││                                                      │"
"│                      ││                                                      │"
"│                      ││                                                      │"
"│                      ││                                                      │"
"│                      ││                                                      │"
"│                      ││                                                      │"
"│                      ││                                                      │"
"└──────────────────────┘└──────────────────────────────────────────────────────┘"
"[Tab] field kế [^P] palette [y] copy [?] trợ giúp [q] thoát                     "
