---
source: crates/lazytools/tests/snapshots.rs
assertion_line: 35
expression: "render(100, 30)"
---
"┌ Tools ───────────────┐┌ Hash Text ───────────────────────────────────────────────────────────────┐"
"│Crypto                ││┌ Input ─────────────────────────────────────────────────────────────────┐│"
"│  Hash Text           │││                                                                        ││"
"│                      │││                                                                        ││"
"│                      │││                                                                        ││"
"│                      │││                                                                        ││"
"│                      │││                                                                        ││"
"│                      │││                                                                        ││"
"│                      ││└────────────────────────────────────────────────────────────────────────┘│"
"│                      ││┌ Algorithm ─────────────────────────────────────────────────────────────┐│"
"│                      │││‹ md5 ›                                                                 ││"
"│                      ││└────────────────────────────────────────────────────────────────────────┘│"
"│                      ││┌ Digest ────────────────────────────────────────────────────────────────┐│"
"│                      │││                                                                        ││"
"│                      ││└────────────────────────────────────────────────────────────────────────┘│"
"│                      ││                                                                          │"
"│                      ││                                                                          │"
"│                      ││                                                                          │"
"│                      ││                                                                          │"
"│                      ││                                                                          │"
"│                      ││                                                                          │"
"│                      ││                                                                          │"
"│                      ││                                                                          │"
"│                      ││                                                                          │"
"│                      ││                                                                          │"
"│                      ││                                                                          │"
"│                      ││                                                                          │"
"│                      ││                                                                          │"
"└──────────────────────┘└──────────────────────────────────────────────────────────────────────────┘"
"[j/k] chọn tool [Tab] đổi vùng [q] thoát                                                            "
