---
source: crates/lazytools/tests/snapshots.rs
assertion_line: 48
expression: "render(120, 24)"
---
"┌ Tools ───────────────┐┌ Hash Text ───────────────────────────────────────────────────────────────────────────────────┐"
"│Crypto                ││┌ Input ─────────────────────────────────────────────────────────────────────────────────────┐│"
"│  Hash Text           │││                                                                                            ││"
"│                      │││                                                                                            ││"
"│                      │││                                                                                            ││"
"│                      │││                                                                                            ││"
"│                      │││                                                                                            ││"
"│                      │││                                                                                            ││"
"│                      ││└────────────────────────────────────────────────────────────────────────────────────────────┘│"
"│                      ││┌ Algorithm ─────────────────────────────────────────────────────────────────────────────────┐│"
"│                      │││‹ md5 ›                                                                                     ││"
"│                      ││└────────────────────────────────────────────────────────────────────────────────────────────┘│"
"│                      ││┌ Digest ────────────────────────────────────────────────────────────────────────────────────┐│"
"│                      │││                                                                                            ││"
"│                      ││└────────────────────────────────────────────────────────────────────────────────────────────┘│"
"│                      ││                                                                                              │"
"│                      ││                                                                                              │"
"│                      ││                                                                                              │"
"│                      ││                                                                                              │"
"│                      ││                                                                                              │"
"│                      ││                                                                                              │"
"│                      ││                                                                                              │"
"└──────────────────────┘└──────────────────────────────────────────────────────────────────────────────────────────────┘"
"[j/k] chọn tool [Tab] đổi vùng [^P] palette [?] trợ giúp [q] thoát                                                      "
