---
source: crates/lazytools/tests/snapshots.rs
assertion_line: 35
expression: "render(70, 20)"
---
"┌────┐┌ Hash Text ───────────────────────────────────────────────────┐"
"│C   ││Form của tool xuất hiện ở Phase 2B.                           │"
"│ H  ││                                                              │"
"│    ││                                                              │"
"│    ││                                                              │"
"│    ││                                                              │"
"│    ││                                                              │"
"│    ││                                                              │"
"│    ││                                                              │"
"│    ││                                                              │"
"│    ││                                                              │"
"│    ││                                                              │"
"│    ││                                                              │"
"│    ││                                                              │"
"│    ││                                                              │"
"│    ││                                                              │"
"│    ││                                                              │"
"│    ││                                                              │"
"└────┘└──────────────────────────────────────────────────────────────┘"
"[j/k] chọn tool [Tab] đổi vùng [q] thoát                              "
