---
source: crates/lazytools/tests/snapshots.rs
expression: "render(100, 30)"
---
"┌ Tools ───────────────┐┌ Hash Text ───────────────────────────────────────────────────────────────┐"
"│Crypto                ││┌ Input ─────────────────────────────────────────────────────────────────┐│"
"│  Hash Text           │││                                                                        ││"
"│  HMAC                │││                                                                        ││"
"│  Bcrypt              │││                                                                        ││"
"│Convert               │││                                                                        ││"
"│  Base64              │││                                                                        ││"
"│  URL Encode          │││                                                                        ││"
"│  Hex                 ││└────────────────────────────────────────────────────────────────────────┘│"
"│  JSON Format         ││┌ Algorithm ─────────────────────────────────────────────────────────────┐│"
"│  Data Format         │││‹ md5 ›                                                                 ││"
"│  Number Base         ││└────────────────────────────────────────────────────────────────────────┘│"
"│  Unicode Escape      ││┌ Digest ────────────────────────────────────────────────────────────────┐│"
"│Generate              │││                                                                        ││"
"│  Password            ││└────────────────────────────────────────────────────────────────────────┘│"
"│  UUID                ││                                                                          │"
"│  ULID                ││                                                                          │"
"│  Random Token        ││                                                                          │"
"│  Lorem Ipsum         ││                                                                          │"
"│Text                  ││                                                                          │"
"│  Change Case         ││                                                                          │"
"│  Text Stats          ││                                                                          │"
"│Web                   ││                                                                          │"
"│  JWT Decode          ││                                                                          │"
"│  Timestamp           ││                                                                          │"
"│  Cron Explainer      ││                                                                          │"
"│  URL Parser          ││                                                                          │"
"│  JSON Diff           ││                                                                          │"
"└──────────────────────┘└──────────────────────────────────────────────────────────────────────────┘"
"[j/k] select tool [Tab] switch pane [^P] palette [^O] open file [?] help [q] quit                   "
