---
source: crates/lazytools/tests/snapshots.rs
assertion_line: 150
expression: screen
---
"┌ Tools ───────────────┐┌ Hash Text ───────────────────────────────────────────┐"
"│Crypto                ││┌ Input ─────────────────────────────────────────────┐│"
"│  Hash Text           │││                                                    ││"
"│                      │││                                                    ││"
"│                      │││                                                    ││"
"│           ┌ Tìm tool ────────────────────────────────────────────┐          ││"
"│           │> md5                                                 │          ││"
"│           │Hash Text       Crypto                                │          ││"
"│           │                                                      │──────────┘│"
"│           │                                                      │──────────┐│"
"│           │                                                      │          ││"
"│           │                                                      │──────────┘│"
"│           │                                                      │──────────┐│"
"│           │                                                      │          ││"
"│           │                                                      │──────────┘│"
"│           │                                                      │           │"
"│           │                                                      │           │"
"│           │                                                      │           │"
"│           └──────────────────────────────────────────────────────┘           │"
"│                      ││                                                      │"
"│                      ││                                                      │"
"│                      ││                                                      │"
"└──────────────────────┘└──────────────────────────────────────────────────────┘"
"[↓/↑] chọn [Enter] mở tool [Tab] đổi vùng [^P] palette [?] trợ giúp [q] thoát   "
