---
source: crates/lazytools/tests/snapshots.rs
expression: "render(50, 16)"
---
"┌ Hash Text ─────────────────────────────────────┐"
"│┌ Input ───────────────────────────────────────┐│"
"││                                              ││"
"││                                              ││"
"││                                              ││"
"││                                              ││"
"││                                              ││"
"││                                              ││"
"│└──────────────────────────────────────────────┘│"
"│┌ Algorithm ───────────────────────────────────┐│"
"││‹ md5 ›                                       ││"
"│└──────────────────────────────────────────────┘│"
"│┌ Digest ──────────────────────────────────────┐│"
"│└──────────────────────────────────────────────┘│"
"└────────────────────────────────────────────────┘"
"[j/k] select tool [Tab] switch pane [^P] palette ["
