---
source: crates/lazytools/tests/snapshots.rs
assertion_line: 150
expression: screen
---
"┌ Tools ───────────────┐┌ Hash Text ───────────────────────────────────────────┐"
"│Crypto                ││┌ Input ─────────────────────────────────────────────┐│"
"│  Hash Text           │││                                                    ││"
"│  HMAC                │││                                                    ││"
"│  Bcrypt              │││                                                    ││"
"│Convert    ┌ Tìm tool ────────────────────────────────────────────┐          ││"
"│  Base64   │> md5                                                 │          ││"
"│  URL Encod│Hash Text       Crypto                                │          ││"
"│  Hex      │                                                      │──────────┘│"
"│  JSON Form│                                                      │──────────┐│"
"│  Data Form│                                                      │          ││"
"│           │                                                      │──────────┘│"
"│           │                                                      │──────────┐│"
"│           │                                                      │          ││"
"│           │                                                      │──────────┘│"
"│           │                                                      │           │"
"│           │                                                      │           │"
"│           │                                                      │           │"
"│           └──────────────────────────────────────────────────────┘           │"
"│                      ││                                                      │"
"│                      ││                                                      │"
"│                      ││                                                      │"
"└──────────────────────┘└──────────────────────────────────────────────────────┘"
"[↓/↑] chọn [Enter] mở tool [Tab] đổi vùng [^P] palette [^O] mở file [?] trợ giúp"
