---
source: crates/lazytools/tests/snapshots.rs
assertion_line: 167
expression: screen
---
"┌ Tools ───────────────┐┌ Hash Text ───────────────────────────────────────────┐"
"│Crypto                ││┌ Input ─────────────────────────────────────────────┐│"
"│  Hash Text           │││                                                    ││"
"│                      │││                                                    ││"
"│               ┌ Phím tắt ────────────────────────────────────┐              ││"
"│               │App                                           │              ││"
"│               │  Tab       đổi vùng                          │              ││"
"│               │  ^P        palette                           │              ││"
"│               │  ?         trợ giúp                          │──────────────┘│"
"│               │  q         thoát                             │──────────────┐│"
"│               │                                              │              ││"
"│               │Form                                          │──────────────┘│"
"│               │  Tab       field kế                          │──────────────┐│"
"│               │                                              │              ││"
"│               │Palette                                       │──────────────┘│"
"│               │  ↓/↑       chọn                              │               │"
"│               │  Enter     mở tool                           │               │"
"│               │                                              │               │"
"│               │Popup                                         │               │"
"│               └──────────────────────────────────────────────┘               │"
"│                      ││                                                      │"
"│                      ││                                                      │"
"└──────────────────────┘└──────────────────────────────────────────────────────┘"
"[Esc] đóng [Tab] đổi vùng [^P] palette [?] trợ giúp [q] thoát                   "
