---
source: crates/lazytools/tests/snapshots.rs
expression: "render(70, 20)"
---
"┌────┐┌ Hash Text ───────────────────────────────────────────────────┐"
"│C   ││┌ Input ─────────────────────────────────────────────────────┐│"
"│ H  │││                                                            ││"
"│ H  │││                                                            ││"
"│ B  │││                                                            ││"
"│ T  │││                                                            ││"
"│C   │││                                                            ││"
"│ B  │││                                                            ││"
"│ B  ││└────────────────────────────────────────────────────────────┘│"
"│ U  ││┌ Algorithm ─────────────────────────────────────────────────┐│"
"│ H  │││‹ md5 ›                                                     ││"
"│ J  ││└────────────────────────────────────────────────────────────┘│"
"│ D  ││┌ Digest ────────────────────────────────────────────────────┐│"
"│ N  │││                                                            ││"
"│ U  ││└────────────────────────────────────────────────────────────┘│"
"│ C  ││                                                              │"
"│ H  ││                                                              │"
"│ B  ││                                                              │"
"└────┘└──────────────────────────────────────────────────────────────┘"
"[j/k] select tool [Tab] switch pane [^P] palette [^O] open file [^T] t"
