---
source: crates/lazytools/tests/snapshots.rs
assertion_line: 29
expression: "render(120, 24)"
---
"┌ Tools ───────────────┐┌ Hash Text ───────────────────────────────────────────────────────────────────────────────────┐"
"│Crypto                ││Form của tool xuất hiện ở Phase 2B.                                                           │"
"│  Hash Text           ││                                                                                              │"
"│                      ││                                                                                              │"
"│                      ││                                                                                              │"
"│                      ││                                                                                              │"
"│                      ││                                                                                              │"
"│                      ││                                                                                              │"
"│                      ││                                                                                              │"
"│                      ││                                                                                              │"
"│                      ││                                                                                              │"
"│                      ││                                                                                              │"
"│                      ││                                                                                              │"
"│                      ││                                                                                              │"
"│                      ││                                                                                              │"
"│                      ││                                                                                              │"
"│                      ││                                                                                              │"
"│                      ││                                                                                              │"
"│                      ││                                                                                              │"
"│                      ││                                                                                              │"
"│                      ││                                                                                              │"
"│                      ││                                                                                              │"
"└──────────────────────┘└──────────────────────────────────────────────────────────────────────────────────────────────┘"
"[j/k] chọn tool [Tab] đổi vùng [q] thoát                                                                                "
