---
source: crates/lazytools/tests/snapshots.rs
expression: screen
---
"┌ Tools ───────────────┐┌ Hash Text ───────────────────────────────────────────┐"
"│Crypto                ││┌ Input ─────────────────────────────────────────────┐│"
"│  Hash Text           │││                                                    ││"
"│  HMAC                │││                                                    ││"
"│  Bcrypt              │││                                                    ││"
"│Convert    ┌ Find tool ───────────────────────────────────────────┐          ││"
"│  Base64   │> md5                                                 │          ││"
"│  URL Encod│Hash Text       Crypto                                │          ││"
"│  Hex      │                                                      │──────────┘│"
"│  JSON Form│                                                      │──────────┐│"
"│  Data Form│                                                      │          ││"
"│           │                                                      │──────────┘│"
"│           │                                                      │──────────┐│"
"│           │                                                      │          ││"
"│           │                                                      │──────────┘│"
"│           │                                                      │           │"
"│           │                                                      │           │"
"│           │                                                      │           │"
"│           └──────────────────────────────────────────────────────┘           │"
"│                      ││                                                      │"
"│                      ││                                                      │"
"│                      ││                                                      │"
"└──────────────────────┘└──────────────────────────────────────────────────────┘"
"[↓/↑] select [Enter] open tool [Tab] switch pane [^P] palette [^O] open file [?]"
