---
source: crates/lazytools/tests/snapshots.rs
expression: screen
---
"┌ Tools ───────────────┐┌ Hash Text ───────────────────────────────────────────┐"
"│Crypto                ││┌ Input ─────────────────────────────────────────────┐│"
"│  Hash Text           │││                                                    ││"
"│  HMAC                │││                                                    ││"
"│  Bcrypt       ┌ Shortcuts ───────────────────────────────────┐              ││"
"│  TOTP Code    │App                                           │              ││"
"│Convert        │  Tab       switch pane                       │              ││"
"│  Base64       │  Esc       tools                             │              ││"
"│  Base32       │  ^P        palette                           │──────────────┘│"
"│  URL Encode   │  ^O        open file                         │──────────────┐│"
"│  Hex          │  ^S        save file                         │              ││"
"│  JSON Format  │  y         copy                              │──────────────┘│"
"│  Data Format  │  ^T        theme                             │──────────────┐│"
"│  Number Base  │  ?         help                              │              ││"
"│  Unicode Escap│  ^Q        quit                              │──────────────┘│"
"│  Color Convert│                                              │               │"
"│  HTML Entities│Form                                          │               │"
"│  Byte Size    │  Tab       next field                        │               │"
"│  Duration     │                                              │               │"
"│Generate       └──────────────────────────────────────────────┘               │"
"│  Password            ││                                                      │"
"│  UUID                ││                                                      │"
"└──────────────────────┘└──────────────────────────────────────────────────────┘"
"[Esc] close [Tab] switch pane [^P] palette [^O] open file [^T] theme [?] help [^"
