---
source: crates/lazytools/tests/snapshots.rs
expression: screen
---
"┌ Tools ───────────────┐┌ Hash Text ─────────────────────────────────────────────────────┐"
"│Crypto                ││┌ Input ───────────────────────────────────────────────────────┐│"
"│  Hash Text           │││hello world                                                   ││"
"│  HMAC                │││                                                              ││"
"│  Bcrypt              │││                                                              ││"
"│  TOTP Code           │││                                                              ││"
"│Convert               │││                                                              ││"
"│  Base64              │││                                                              ││"
"│  Base32              ││└──────────────────────────────────────────────────────────────┘│"
"│  URL Encode          ││┌ Algorithm ───────────────────────────────────────────────────┐│"
"│  Hex                 │││‹ md5 ›                                                       ││"
"│  JSON Format         ││└──────────────────────────────────────────────────────────────┘│"
"│  Data Format         ││┌ Digest ──────────────────────────────────────────────────────┐│"
"│  Number Base         │││5eb63bbbe01eeed093cb22bb8f5acdc3                              ││"
"│  Unicode Escape      ││└──────────────────────────────────────────────────────────────┘│"
"│  Color Converter     ││                                                                │"
"│  HTML Entities       ││                                                                │"
"│  Byte Size           ││                                                                │"
"│  Duration            ││                                                                │"
"│Generate              ││                                                                │"
"│  Password            ││                                                                │"
"│  UUID                ││                                                                │"
"│  ULID                ││                                                                │"
"│  Random Token        ││                                                                │"
"└──────────────────────┘└────────────────────────────────────────────────────────────────┘"
"[Tab] next field [Esc] tools [^P] palette [^O] open file [^S] save file [y] copy [^T] them"
