---
source: crates/lazytools/tests/snapshots.rs
expression: screen
---
"┌ Tools ───────────────┐┌ Hash Text ─────────────────────────────────────────────────────┐"
"│Crypto                ││┌ Input ───────────────────────────────────────────────────────┐│"
"│  Hash Text           │││hello world                                                   ││"
"│  HMAC                │││                                                              ││"
"│  Bcrypt              │││                                                              ││"
"│Convert               │││                                                              ││"
"│  Base64              │││                                                              ││"
"│  URL Encode          │││                                                              ││"
"│  Hex                 ││└──────────────────────────────────────────────────────────────┘│"
"│  JSON Format         ││┌ Algorithm ───────────────────────────────────────────────────┐│"
"│  Data Format         │││‹ md5 ›                                                       ││"
"│  Number Base         ││└──────────────────────────────────────────────────────────────┘│"
"│  Unicode Escape      ││┌ Digest ──────────────────────────────────────────────────────┐│"
"│Generate              │││5eb63bbbe01eeed093cb22bb8f5acdc3                              ││"
"│  Password            ││└──────────────────────────────────────────────────────────────┘│"
"│  UUID                ││                                                                │"
"│  ULID                ││                                                                │"
"│  Random Token        ││                                                                │"
"│  Lorem Ipsum         ││                                                                │"
"│Text                  ││                                                                │"
"│  Change Case         ││                                                                │"
"│  Text Stats          ││                                                                │"
"│Web                   ││                                                                │"
"│  JWT Decode          ││                                                                │"
"└──────────────────────┘└────────────────────────────────────────────────────────────────┘"
"[Tab] next field [^P] palette [^O] open file [^S] save file [y] copy [?] help [q] quit    "
